// Jest Snapshot v1, https://goo.gl/fbAQLP

exports[`PedometerScreen Matches snapshot. 1`] = `
<Component
  style={
    Object {
      "alignItems": "center",
      "backgroundColor": "#ffffff",
      "flex": 1,
      "paddingTop": 25,
    }
  }
>
  <Text
    accessible={true}
    allowFontScaling={true}
    ellipsizeMode="tail"
    style={
      Object {
        "color": "#000000",
        "top": 444.6666666666667,
      }
    }
  >
    checking
  </Text>
</Component>
`;
